Microchip MPLAB XC8 Compiler V1.40 ()

Linker command line:

-W-3 --edf=C:\Program Files (x86)\Microchip\xc8\v1.40\dat\en_msgs.txt -cs \
  -h+dist/default/production\Exerc_cio_3_-_Display_e_Cronometr__.X.production.sym \
  --cmf=dist/default/production\Exerc_cio_3_-_Display_e_Cronometr__.X.production.cmf \
  -z -Q18F4550 -oC:\Users\ti82\AppData\Local\Temp\sdvc.2 \
  -Mdist/default/production/Exerc_cio_3_-_Display_e_Cronometr__.X.production.map \
  -E1 -ver=XC8 -ASTACK=0A6h-07ffh -pstack=STACK -ACODE=00h-07FFFh \
  -ACONST=00h-07FFFh -ASMALLCONST=0800h-08FFhx120 \
  -AMEDIUMCONST=0800h-07FFFh -ACOMRAM=01h-05Fh -AABS1=00h-07FFh \
  -ABIGRAM=01h-07FFh -ARAM=060h-0FFh,0100h-01FFhx7 -ABANK0=060h-0FFh \
  -ABANK1=0100h-01FFh -ABANK2=0200h-02FFh -ABANK3=0300h-03FFh \
  -ABANK4=0400h-04FFh -ABANK5=0500h-05FFh -ABANK6=0600h-06FFh \
  -ABANK7=0700h-07FFh -ASFR=0F60h-0FFFh \
  -preset_vec=00h,intcode,intcodelo,powerup,init -pramtop=0800h \
  -psmallconst=SMALLCONST -pmediumconst=MEDIUMCONST -pconst=CONST \
  -AFARRAM=00h-00h -ACONFIG=0300000h-030000Dh -pconfig=CONFIG \
  -AIDLOC=0200000h-0200007h -pidloc=IDLOC -AEEDATA=0F00000h-0F000FFh \
  -peeprom_data=EEDATA \
  -prdata=COMRAM,nvrram=COMRAM,nvbit=COMRAM,rbss=COMRAM,rbit=COMRAM \
  -pfarbss=FARRAM,fardata=FARRAM,nvFARRAM=FARRAM \
  -pintsave_regs=BIGRAM,bigbss=BIGRAM,bigdata=BIGRAM -pbss=RAM \
  -pidata=CODE,irdata=CODE,ibigdata=CODE,ifardata=CODE -prparam=COMRAM \
  C:\Users\ti82\AppData\Local\Temp\sdvc.obj \
  dist/default/production\Exerc_cio_3_-_Display_e_Cronometr__.X.production.obj 

Object code version is 3.11

Machine type is 18F4550

Call graph: (short form)




                Name                               Link     Load   Length Selector   Space Scale
C:\Users\ti82\AppData\Local\Temp\sdvc.obj
                init                                  0        0        4        0       0
                idloc                            200000   200000        8   200000       0
                config                           300000   300000        E   300000       0
dist/default/production\Exerc_cio_3_-_Display_e_Cronometr__.X.production.obj
                smallconst                          800      800       7A      400       0
                text13                              E2C      E2C       24      43D       0
                text12                              AF6      AF6       8C      43D       0
                text11                              A58      A58       9E      43D       0
                text10                              B82      B82       72      43D       0
                text9                               E08      E08       24      43D       0
                text8                               CC0      CC0       52      43D       0
                text7                               D54      D54       42      43D       0
                text6                               9B4      9B4       A4      43D       0
                text5                               D12      D12       42      43D       0
                text4                               D96      D96       3C      43D       0
                text3                               BF4      BF4       6A      43D       0
                text2                               C5E      C5E       62      43D       0
                text1                               E50      E50       22      43D       0
                text0                               87A      87A      13A      43D       0
                cstackCOMRAM                          1        1       21        1       1
                cstackBANK0                          60       60       46       60       1
                dataCOMRAM                           33       33        7        1       1
                bssCOMRAM                            22       22       11        1       1
                cinit                               DD2      DD2       36      43D       0
                idataCOMRAM                         E72      E72        7      43D       0

TOTAL           Name                               Link     Load   Length     Space
        CLASS   STACK          

        CLASS   CODE           
                init                                  0        0        4         0
                text13                              E2C      E2C       24         0
                text12                              AF6      AF6       8C         0
                text11                              A58      A58       9E         0
                text10                              B82      B82       72         0
                text9                               E08      E08       24         0
                text8                               CC0      CC0       52         0
                text7                               D54      D54       42         0
                text6                               9B4      9B4       A4         0
                text5                               D12      D12       42         0
                text4                               D96      D96       3C         0
                text3                               BF4      BF4       6A         0
                text2                               C5E      C5E       62         0
                text1                               E50      E50       22         0
                text0                               87A      87A      13A         0
                cinit                               DD2      DD2       36         0
                idataCOMRAM                         E72      E72        7         0

        CLASS   CONST          

        CLASS   SMALLCONST     
                smallconst                          800      800       7A         0

        CLASS   MEDIUMCONST    

        CLASS   COMRAM         
                cstackCOMRAM                          1        1       21         1
                dataCOMRAM                           33       33        7         1
                bssCOMRAM                            22       22       11         1

        CLASS   ABS1           

        CLASS   BIGRAM         

        CLASS   RAM            

        CLASS   BANK0          
                cstackBANK0                          60       60       46         1

        CLASS   BANK1          

        CLASS   BANK2          

        CLASS   BANK3          

        CLASS   BANK4          

        CLASS   BANK5          

        CLASS   BANK6          

        CLASS   BANK7          

        CLASS   SFR            

        CLASS   FARRAM         

        CLASS   CONFIG         
                config                           300000   300000        E         0

        CLASS   IDLOC          
                idloc                            200000   200000        8         0

        CLASS   EEDATA         



SEGMENTS        Name                           Load    Length   Top    Selector   Space  Class

                reset_vec                      000000  000004  000004         0       0  CODE    
                cstackCOMRAM                   000001  000039  00003A         1       1  COMRAM  
                cstackBANK0                    000060  000046  0000A6        60       1  BANK0   
                smallconst                     000800  00007A  00087A       400       0  SMALLCON
                text0                          00087A  0005FF  000E79       43D       0  CODE    
                idloc                          200000  000008  200008    200000       0  IDLOC   
                config                         300000  00000E  30000E    300000       0  CONFIG  


UNUSED ADDRESS RANGES

        Name                Unused          Largest block    Delta
        BANK0            0000A6-0000FF               5A
        BANK1            000100-0001FF              100
        BANK2            000200-0002FF              100
        BANK3            000300-0003FF              100
        BANK4            000400-0004FF              100
        BANK5            000500-0005FF              100
        BANK6            000600-0006FF              100
        BANK7            000700-0007FF              100
        BIGRAM           00003A-00005F               26
                         0000A6-0007FF              75A
        CODE             000004-0007FF              7FC
                         000E79-007FFF             7187
        COMRAM           00003A-00005F               26
        CONST            000004-0007FF              7FC
                         000E79-007FFF             7187
        EEDATA           F00000-F000FF              100
        MEDIUMCONST      000E79-007FFF             7187
        RAM              0000A6-0007FF              100
        SFR              000F60-000FFF               A0
        SMALLCONST       000E79-007FFF              100
        STACK            0000A6-0007FF              75A

                                  Symbol Table

?___lwdiv                     cstackCOMRAM 000001
?___lwmod                     cstackCOMRAM 000001
Delay@Cnt1                    cstackCOMRAM 000001
Delay@Cnt2                    cstackCOMRAM 000002
EnderecoCursor@endereco       cstackCOMRAM 000003
EscreveCaractereLCD@data      cstackCOMRAM 000003
EscreveComandoLCD@cmd         cstackCOMRAM 000003
EscreveFraseRamLCD@buffer     cstackCOMRAM 000004
EscreveInteiroLCD@F4004       dataCOMRAM   000033
EscreveInteiroLCD@texto       cstackCOMRAM 00001B
EscreveInteiroLCD@valor       cstackCOMRAM 000019
PosicaoCursorLCD@EnderecoLCD  cstackCOMRAM 000006
PosicaoCursorLCD@coluna       cstackCOMRAM 000004
PosicaoCursorLCD@linha        cstackCOMRAM 000005
_ADCON1                       (abs)        000FC1
_ConfiguraLCD                 text11       000A58
_Delay                        text13       000E2C
_EnderecoCursor               text3        000BF4
_EscreveCaractereLCD          text10       000B82
_EscreveComandoLCD            text12       000AF6
_EscreveFraseRamLCD           text9        000E08
_EscreveInteiroLCD            text4        000D96
_PORTDbits                    (abs)        000F83
_PORTEbits                    (abs)        000F84
_PosicaoCursorLCD             text2        000C5E
_TRISB                        (abs)        000F93
_TRISDbits                    (abs)        000F95
_TRISE                        (abs)        000F96
__HRAM                        (abs)        000000
__Habs1                       abs1         000000
__Hbank0                      bank0        000000
__Hbank1                      bank1        000000
__Hbank2                      bank2        000000
__Hbank3                      bank3        000000
__Hbank4                      bank4        000000
__Hbank5                      bank5        000000
__Hbank6                      bank6        000000
__Hbank7                      bank7        000000
__Hbigbss                     bigbss       000000
__Hbigdata                    bigdata      000000
__Hbigram                     bigram       000000
__Hbss                        bss          000000
__HbssCOMRAM                  bssCOMRAM    000000
__Hcinit                      cinit        000000
__Hclrtext                    clrtext      000000
__Hcomram                     comram       000000
__Hconfig                     config       30000E
__Hconst                      const        000000
__HcstackBANK0                cstackBANK0  000000
__HcstackCOMRAM               cstackCOMRAM 000000
__Hdata                       data         000000
__HdataCOMRAM                 dataCOMRAM   000000
__Heeprom_data                eeprom_data  000000
__Hfarbss                     farbss       000000
__Hfardata                    fardata      000000
__Hibigdata                   ibigdata     000000
__Hidata                      idata        000000
__HidataCOMRAM                idataCOMRAM  000000
__Hidloc                      idloc        200008
__Hifardata                   ifardata     000000
__Hinit                       init         000004
__Hintcode                    intcode      000000
__Hintcode_body               intcode_body 000000
__Hintcodelo                  intcodelo    000000
__Hintentry                   intentry     000000
__Hintret                     intret       000000
__Hintsave_regs               intsave_regs 000000
__Hirdata                     irdata       000000
__Hmediumconst                mediumconst  000000
__HnvFARRAM                   nvFARRAM     000000
__Hnvbit                      nvbit        000000
__Hnvrram                     nvrram       000000
__Hparam                      rparam       000000
__Hpowerup                    powerup      000000
__Hram                        ram          000000
__Hramtop                     ramtop       000800
__Hrbit                       rbit         000000
__Hrbss                       rbss         000000
__Hrdata                      rdata        000000
__Hreset_vec                  reset_vec    000000
__Hrparam                     rparam       000000
__Hsfr                        sfr          000000
__Hsmallconst                 smallconst   00087A
__Hspace_0                    (abs)        30000E
__Hspace_1                    (abs)        0000A6
__Hspace_2                    (abs)        000000
__Hstack                      stack        000000
__Hstruct                     struct       000000
__Htemp                       temp         000000
__Htext                       text         000000
__Htext0                      text0        000000
__Htext1                      text1        000000
__Htext10                     text10       000000
__Htext11                     text11       000000
__Htext12                     text12       000000
__Htext13                     text13       000000
__Htext2                      text2        000000
__Htext3                      text3        000000
__Htext4                      text4        000000
__Htext5                      text5        000000
__Htext6                      text6        000000
__Htext7                      text7        000000
__Htext8                      text8        000000
__Htext9                      text9        000000
__LRAM                        (abs)        000001
__Labs1                       abs1         000000
__Lbank0                      bank0        000000
__Lbank1                      bank1        000000
__Lbank2                      bank2        000000
__Lbank3                      bank3        000000
__Lbank4                      bank4        000000
__Lbank5                      bank5        000000
__Lbank6                      bank6        000000
__Lbank7                      bank7        000000
__Lbigbss                     bigbss       000000
__Lbigdata                    bigdata      000000
__Lbigram                     bigram       000000
__Lbss                        bss          000000
__LbssCOMRAM                  bssCOMRAM    000000
__Lcinit                      cinit        000000
__Lclrtext                    clrtext      000000
__Lcomram                     comram       000000
__Lconfig                     config       300000
__Lconst                      const        000000
__LcstackBANK0                cstackBANK0  000000
__LcstackCOMRAM               cstackCOMRAM 000000
__Ldata                       data         000000
__LdataCOMRAM                 dataCOMRAM   000000
__Leeprom_data                eeprom_data  000000
__Lfarbss                     farbss       000000
__Lfardata                    fardata      000000
__Libigdata                   ibigdata     000000
__Lidata                      idata        000000
__LidataCOMRAM                idataCOMRAM  000000
__Lidloc                      idloc        200000
__Lifardata                   ifardata     000000
__Linit                       init         000000
__Lintcode                    intcode      000000
__Lintcode_body               intcode_body 000000
__Lintcodelo                  intcodelo    000000
__Lintentry                   intentry     000000
__Lintret                     intret       000000
__Lintsave_regs               intsave_regs 000000
__Lirdata                     irdata       000000
__Lmediumconst                mediumconst  000000
__LnvFARRAM                   nvFARRAM     000000
__Lnvbit                      nvbit        000000
__Lnvrram                     nvrram       000000
__Lparam                      rparam       000000
__Lpowerup                    powerup      000000
__Lram                        ram          000000
__Lramtop                     ramtop       000800
__Lrbit                       rbit         000000
__Lrbss                       rbss         000000
__Lrdata                      rdata        000000
__Lreset_vec                  reset_vec    000000
__Lrparam                     rparam       000000
__Lsfr                        sfr          000000
__Lsmallconst                 smallconst   000800
__Lspace_0                    (abs)        000000
__Lspace_1                    (abs)        000000
__Lspace_2                    (abs)        000000
__Lstack                      stack        000000
__Lstruct                     struct       000000
__Ltemp                       temp         000000
__Ltext                       text         000000
__Ltext0                      text0        000000
__Ltext1                      text1        000000
__Ltext10                     text10       000000
__Ltext11                     text11       000000
__Ltext12                     text12       000000
__Ltext13                     text13       000000
__Ltext2                      text2        000000
__Ltext3                      text3        000000
__Ltext4                      text4        000000
__Ltext5                      text5        000000
__Ltext6                      text6        000000
__Ltext7                      text7        000000
__Ltext8                      text8        000000
__Ltext9                      text9        000000
__S0                          (abs)        30000E
__S1                          (abs)        0000A6
__S2                          (abs)        000000
___inthi_sp                   stack        000000
___intlo_sp                   stack        000000
___lwdiv                      text8        000CC0
___lwdiv@counter              cstackCOMRAM 000007
___lwdiv@dividend             cstackCOMRAM 000001
___lwdiv@divisor              cstackCOMRAM 000003
___lwdiv@quotient             cstackCOMRAM 000005
___lwmod                      text7        000D54
___lwmod@counter              cstackCOMRAM 000005
___lwmod@dividend             cstackCOMRAM 000001
___lwmod@divisor              cstackCOMRAM 000003
___param_bank                 (abs)        000000
___rparam_used                (abs)        000001
___sp                         stack        000000
__accesstop                   (abs)        000060
__activetblptr                (abs)        000002
__end_of_ConfiguraLCD         text11       000AF6
__end_of_Delay                text13       000E50
__end_of_EnderecoCursor       text3        000C5E
__end_of_EscreveCaractereLCD  text10       000BF4
__end_of_EscreveComandoLCD    text12       000B82
__end_of_EscreveFraseRamLCD   text9        000E2C
__end_of_EscreveInteiroLCD    text4        000DD2
__end_of_PosicaoCursorLCD     text2        000CC0
__end_of___lwdiv              text8        000D12
__end_of___lwmod              text7        000D96
__end_of__initialization      cinit        000DFE
__end_of_delay_ms             text1        000E72
__end_of_dpowers              smallconst   000829
__end_of_itoa                 text5        000D54
__end_of_main                 text0        0009B4
__end_of_utoa                 text6        000A58
__end_ofmain@F3876            smallconst   00083A
__end_ofmain@F3878            smallconst   00084B
__end_ofmain@F3880            smallconst   00085C
__end_ofmain@F3882            smallconst   00086D
__initialization              cinit        000DD2
__mediumconst                 mediumconst  000000
__pbssCOMRAM                  bssCOMRAM    000022
__pcinit                      cinit        000DD2
__pcstackBANK0                cstackBANK0  000060
__pcstackCOMRAM               cstackCOMRAM 000001
__pdataCOMRAM                 dataCOMRAM   000033
__pidataCOMRAM                idataCOMRAM  000E72
__psmallconst                 smallconst   000800
__ptext0                      text0        00087A
__ptext1                      text1        000E50
__ptext10                     text10       000B82
__ptext11                     text11       000A58
__ptext12                     text12       000AF6
__ptext13                     text13       000E2C
__ptext2                      text2        000C5E
__ptext3                      text3        000BF4
__ptext4                      text4        000D96
__ptext5                      text5        000D12
__ptext6                      text6        0009B4
__ptext7                      text7        000D54
__ptext8                      text8        000CC0
__ptext9                      text9        000E08
__ramtop                      ramtop       000800
__size_of_ConfiguraLCD        (abs)        000000
__size_of_Delay               (abs)        000000
__size_of_EnderecoCursor      (abs)        000000
__size_of_EscreveCaractereLCD (abs)        000000
__size_of_EscreveComandoLCD   (abs)        000000
__size_of_EscreveFraseRamLCD  (abs)        000000
__size_of_EscreveInteiroLCD   (abs)        000000
__size_of_PosicaoCursorLCD    (abs)        000000
__size_of___lwdiv             (abs)        000000
__size_of___lwmod             (abs)        000000
__size_of_delay_ms            (abs)        000000
__size_of_itoa                (abs)        000000
__size_of_main                (abs)        000000
__size_of_utoa                (abs)        000000
__smallconst                  smallconst   000800
_delay_ms                     text1        000E50
_itoa                         text5        000D12
_main                         text0        00087A
_utoa                         text6        0009B4
delay_ms@tempodeAtraso        cstackCOMRAM 000001
end_of_initialization         cinit        000DFE
ftoa@buf                      bssCOMRAM    000022
intlevel0                     text         000000
intlevel1                     text         000000
intlevel2                     text         000000
intlevel3                     text         000000
itoa@base                     cstackCOMRAM 000015
itoa@buf                      cstackCOMRAM 000011
itoa@cp                       cstackCOMRAM 000017
itoa@val                      cstackCOMRAM 000013
main@F3876                    smallconst   000829
main@F3878                    smallconst   00083A
main@F3880                    smallconst   00084B
main@F3882                    smallconst   00085C
main@Texto_0                  cstackBANK0  000060
main@Texto_1                  cstackBANK0  000071
main@Texto_2                  cstackBANK0  000082
main@Texto_3                  cstackBANK0  000093
main@cronometro               cstackBANK0  0000A4
stackhi                       (abs)        0007FF
stacklo                       (abs)        0000A6
start                         init         000000
start_initialization          cinit        000DD2
utoa@base                     cstackCOMRAM 00000C
utoa@buf                      cstackCOMRAM 000008
utoa@c                        cstackCOMRAM 000010
utoa@v                        cstackCOMRAM 00000E
utoa@val                      cstackCOMRAM 00000A


FUNCTION INFORMATION:

 *************** function _main *****************
 Defined at:
		line 47 in file "DisplayLCDCronometro.c"
 Parameters:    Size  Location     Type
		None
 Auto vars:     Size  Location     Type
  Texto_3        17   51[BANK0 ] const unsigned char [17]
  Texto_2        17   34[BANK0 ] const unsigned char [17]
  Texto_1        17   17[BANK0 ] const unsigned char [17]
  Texto_0        17    0[BANK0 ] const unsigned char [17]
  cronometro      2   68[BANK0 ] unsigned int 
 Return value:  Size  Location     Type
                  1    wreg      void 
 Registers used:
		wreg, fsr1l, fsr1h, fsr2l, fsr2h, status,2, status,0, tblptrl, tblptrh, tblptru, cstack
 Tracked objects:
		On entry : 
		On exit  : 
		Unchanged: 
 Data sizes:     COMRAM   BANK0   BANK1   BANK2   BANK3   BANK4   BANK5   BANK6   BANK7
      Params:         0       0       0       0       0       0       0       0       0
      Locals:         0      70       0       0       0       0       0       0       0
      Temps:          0       0       0       0       0       0       0       0       0
      Totals:         0      70       0       0       0       0       0       0       0
Total ram usage:       70 bytes
 Hardware stack levels required when called:    4
 This function calls:
		_ConfiguraLCD
		_EscreveComandoLCD
		_EscreveFraseRamLCD
		_EscreveInteiroLCD
		_PosicaoCursorLCD
		_delay_ms
 This function is called by:
		Startup code after reset
 This function uses a non-reentrant model


 *************** function _delay_ms *****************
 Defined at:
		line 114 in file "DisplayLCDCronometro.c"
 Parameters:    Size  Location     Type
  tempodeAtras    2    0[COMRAM] unsigned int 
 Auto vars:     Size  Location     Type
		None
 Return value:  Size  Location     Type
                  1    wreg      void 
 Registers used:
		wreg, status,2, status,0
 Tracked objects:
		On entry : 
		On exit  : 
		Unchanged: 
 Data sizes:     COMRAM   BANK0   BANK1   BANK2   BANK3   BANK4   BANK5   BANK6   BANK7
      Params:         2       0       0       0       0       0       0       0       0
      Locals:         0       0       0       0       0       0       0       0       0
      Temps:          1       0       0       0       0       0       0       0       0
      Totals:         3       0       0       0       0       0       0       0       0
Total ram usage:        3 bytes
 Hardware stack levels used:    1
 This function calls:
		Nothing
 This function is called by:
		_main
 This function uses a non-reentrant model


 *************** function _PosicaoCursorLCD *****************
 Defined at:
		line 280 in file "../../BIBLIOTECAS_FATEC/Biblioteca_FATEC/displayLCD.c"
 Parameters:    Size  Location     Type
  linha           1    wreg     unsigned char 
  coluna          1    3[COMRAM] unsigned char 
 Auto vars:     Size  Location     Type
  linha           1    4[COMRAM] unsigned char 
  EnderecoLCD     1    5[COMRAM] unsigned char 
 Return value:  Size  Location     Type
                  1    wreg      void 
 Registers used:
		wreg, status,2, status,0, cstack
 Tracked objects:
		On entry : 
		On exit  : 
		Unchanged: 
 Data sizes:     COMRAM   BANK0   BANK1   BANK2   BANK3   BANK4   BANK5   BANK6   BANK7
      Params:         1       0       0       0       0       0       0       0       0
      Locals:         2       0       0       0       0       0       0       0       0
      Temps:          0       0       0       0       0       0       0       0       0
      Totals:         3       0       0       0       0       0       0       0       0
Total ram usage:        3 bytes
 Hardware stack levels used:    1
 Hardware stack levels required when called:    2
 This function calls:
		_EnderecoCursor
 This function is called by:
		_main
 This function uses a non-reentrant model


 *************** function _EnderecoCursor *****************
 Defined at:
		line 229 in file "../../BIBLIOTECAS_FATEC/Biblioteca_FATEC/displayLCD.c"
 Parameters:    Size  Location     Type
  endereco        1    wreg     unsigned char 
 Auto vars:     Size  Location     Type
  endereco        1    2[COMRAM] unsigned char 
 Return value:  Size  Location     Type
                  1    wreg      void 
 Registers used:
		wreg, status,2, status,0, cstack
 Tracked objects:
		On entry : 
		On exit  : 
		Unchanged: 
 Data sizes:     COMRAM   BANK0   BANK1   BANK2   BANK3   BANK4   BANK5   BANK6   BANK7
      Params:         0       0       0       0       0       0       0       0       0
      Locals:         1       0       0       0       0       0       0       0       0
      Temps:          0       0       0       0       0       0       0       0       0
      Totals:         1       0       0       0       0       0       0       0       0
Total ram usage:        1 bytes
 Hardware stack levels used:    1
 Hardware stack levels required when called:    1
 This function calls:
		_Delay
 This function is called by:
		_PosicaoCursorLCD
		_CriaCaractereLCD
 This function uses a non-reentrant model


 *************** function _EscreveInteiroLCD *****************
 Defined at:
		line 391 in file "../../BIBLIOTECAS_FATEC/Biblioteca_FATEC/displayLCD.c"
 Parameters:    Size  Location     Type
  valor           2   24[COMRAM] int 
 Auto vars:     Size  Location     Type
  texto           7   26[COMRAM] unsigned char [7]
 Return value:  Size  Location     Type
                  1    wreg      void 
 Registers used:
		wreg, fsr1l, fsr1h, fsr2l, fsr2h, status,2, status,0, cstack
 Tracked objects:
		On entry : 
		On exit  : 
		Unchanged: 
 Data sizes:     COMRAM   BANK0   BANK1   BANK2   BANK3   BANK4   BANK5   BANK6   BANK7
      Params:         2       0       0       0       0       0       0       0       0
      Locals:         7       0       0       0       0       0       0       0       0
      Temps:          0       0       0       0       0       0       0       0       0
      Totals:         9       0       0       0       0       0       0       0       0
Total ram usage:        9 bytes
 Hardware stack levels used:    1
 Hardware stack levels required when called:    3
 This function calls:
		_EscreveFraseRamLCD
		_itoa
 This function is called by:
		_main
 This function uses a non-reentrant model


 *************** function _itoa *****************
 Defined at:
		line 4 in file "C:\Program Files (x86)\Microchip\xc8\v1.40\sources\common\itoa.c"
 Parameters:    Size  Location     Type
  buf             2   16[COMRAM] PTR unsigned char 
		 -> EscreveInteiroLCD@texto(7), 
  val             2   18[COMRAM] int 
  base            2   20[COMRAM] int 
 Auto vars:     Size  Location     Type
  cp              2   22[COMRAM] PTR unsigned char 
		 -> EscreveInteiroLCD@texto(7), 
 Return value:  Size  Location     Type
                  2   16[COMRAM] PTR unsigned char 
 Registers used:
		wreg, fsr2l, fsr2h, status,2, status,0, cstack
 Tracked objects:
		On entry : 
		On exit  : 
		Unchanged: 
 Data sizes:     COMRAM   BANK0   BANK1   BANK2   BANK3   BANK4   BANK5   BANK6   BANK7
      Params:         6       0       0       0       0       0       0       0       0
      Locals:         2       0       0       0       0       0       0       0       0
      Temps:          0       0       0       0       0       0       0       0       0
      Totals:         8       0       0       0       0       0       0       0       0
Total ram usage:        8 bytes
 Hardware stack levels used:    1
 Hardware stack levels required when called:    2
 This function calls:
		_utoa
 This function is called by:
		_EscreveInteiroLCD
 This function uses a non-reentrant model


 *************** function _utoa *****************
 Defined at:
		line 17 in file "C:\Program Files (x86)\Microchip\xc8\v1.40\sources\common\itoa.c"
 Parameters:    Size  Location     Type
  buf             2    7[COMRAM] PTR unsigned char 
		 -> EscreveInteiroLCD@texto(7), 
  val             2    9[COMRAM] unsigned int 
  base            2   11[COMRAM] int 
 Auto vars:     Size  Location     Type
  v               2   13[COMRAM] unsigned int 
  c               1   15[COMRAM] unsigned char 
 Return value:  Size  Location     Type
                  2    7[COMRAM] PTR unsigned char 
 Registers used:
		wreg, fsr2l, fsr2h, status,2, status,0, cstack
 Tracked objects:
		On entry : 
		On exit  : 
		Unchanged: 
 Data sizes:     COMRAM   BANK0   BANK1   BANK2   BANK3   BANK4   BANK5   BANK6   BANK7
      Params:         6       0       0       0       0       0       0       0       0
      Locals:         3       0       0       0       0       0       0       0       0
      Temps:          0       0       0       0       0       0       0       0       0
      Totals:         9       0       0       0       0       0       0       0       0
Total ram usage:        9 bytes
 Hardware stack levels used:    1
 Hardware stack levels required when called:    1
 This function calls:
		___lwdiv
		___lwmod
 This function is called by:
		_itoa
 This function uses a non-reentrant model


 *************** function ___lwmod *****************
 Defined at:
		line 8 in file "C:\Program Files (x86)\Microchip\xc8\v1.40\sources\common\lwmod.c"
 Parameters:    Size  Location     Type
  dividend        2    0[COMRAM] unsigned int 
  divisor         2    2[COMRAM] unsigned int 
 Auto vars:     Size  Location     Type
  counter         1    4[COMRAM] unsigned char 
 Return value:  Size  Location     Type
                  2    0[COMRAM] unsigned int 
 Registers used:
		wreg, status,2, status,0
 Tracked objects:
		On entry : 
		On exit  : 
		Unchanged: 
 Data sizes:     COMRAM   BANK0   BANK1   BANK2   BANK3   BANK4   BANK5   BANK6   BANK7
      Params:         4       0       0       0       0       0       0       0       0
      Locals:         1       0       0       0       0       0       0       0       0
      Temps:          0       0       0       0       0       0       0       0       0
      Totals:         5       0       0       0       0       0       0       0       0
Total ram usage:        5 bytes
 Hardware stack levels used:    1
 This function calls:
		Nothing
 This function is called by:
		_utoa
 This function uses a non-reentrant model


 *************** function ___lwdiv *****************
 Defined at:
		line 8 in file "C:\Program Files (x86)\Microchip\xc8\v1.40\sources\common\lwdiv.c"
 Parameters:    Size  Location     Type
  dividend        2    0[COMRAM] unsigned int 
  divisor         2    2[COMRAM] unsigned int 
 Auto vars:     Size  Location     Type
  quotient        2    4[COMRAM] unsigned int 
  counter         1    6[COMRAM] unsigned char 
 Return value:  Size  Location     Type
                  2    0[COMRAM] unsigned int 
 Registers used:
		wreg, status,2, status,0
 Tracked objects:
		On entry : 
		On exit  : 
		Unchanged: 
 Data sizes:     COMRAM   BANK0   BANK1   BANK2   BANK3   BANK4   BANK5   BANK6   BANK7
      Params:         4       0       0       0       0       0       0       0       0
      Locals:         3       0       0       0       0       0       0       0       0
      Temps:          0       0       0       0       0       0       0       0       0
      Totals:         7       0       0       0       0       0       0       0       0
Total ram usage:        7 bytes
 Hardware stack levels used:    1
 This function calls:
		Nothing
 This function is called by:
		_utoa
 This function uses a non-reentrant model


 *************** function _EscreveFraseRamLCD *****************
 Defined at:
		line 438 in file "../../BIBLIOTECAS_FATEC/Biblioteca_FATEC/displayLCD.c"
 Parameters:    Size  Location     Type
  buffer          2    3[COMRAM] PTR unsigned char 
		 -> EscreveInteiroLCD@texto(7), main@Texto_3(17), main@Texto_2(17), main@Texto_1(17), 
		 -> main@Texto_0(17), 
 Auto vars:     Size  Location     Type
		None
 Return value:  Size  Location     Type
                  1    wreg      void 
 Registers used:
		wreg, fsr2l, fsr2h, status,2, status,0, cstack
 Tracked objects:
		On entry : 
		On exit  : 
		Unchanged: 
 Data sizes:     COMRAM   BANK0   BANK1   BANK2   BANK3   BANK4   BANK5   BANK6   BANK7
      Params:         2       0       0       0       0       0       0       0       0
      Locals:         0       0       0       0       0       0       0       0       0
      Temps:          0       0       0       0       0       0       0       0       0
      Totals:         2       0       0       0       0       0       0       0       0
Total ram usage:        2 bytes
 Hardware stack levels used:    1
 Hardware stack levels required when called:    2
 This function calls:
		_EscreveCaractereLCD
 This function is called by:
		_main
		_EscreveInteiroLCD
 This function uses a non-reentrant model


 *************** function _EscreveCaractereLCD *****************
 Defined at:
		line 339 in file "../../BIBLIOTECAS_FATEC/Biblioteca_FATEC/displayLCD.c"
 Parameters:    Size  Location     Type
  data            1    wreg     unsigned char 
 Auto vars:     Size  Location     Type
  data            1    2[COMRAM] unsigned char 
 Return value:  Size  Location     Type
                  1    wreg      void 
 Registers used:
		wreg, status,2, status,0, cstack
 Tracked objects:
		On entry : 
		On exit  : 
		Unchanged: 
 Data sizes:     COMRAM   BANK0   BANK1   BANK2   BANK3   BANK4   BANK5   BANK6   BANK7
      Params:         0       0       0       0       0       0       0       0       0
      Locals:         1       0       0       0       0       0       0       0       0
      Temps:          0       0       0       0       0       0       0       0       0
      Totals:         1       0       0       0       0       0       0       0       0
Total ram usage:        1 bytes
 Hardware stack levels used:    1
 Hardware stack levels required when called:    1
 This function calls:
		_Delay
 This function is called by:
		_EscreveFraseRamLCD
		_EscreveFloatLCD
		_EscreveFraseLCD
		_CriaCaractereLCD
 This function uses a non-reentrant model


 *************** function _ConfiguraLCD *****************
 Defined at:
		line 80 in file "../../BIBLIOTECAS_FATEC/Biblioteca_FATEC/displayLCD.c"
 Parameters:    Size  Location     Type
		None
 Auto vars:     Size  Location     Type
		None
 Return value:  Size  Location     Type
                  1    wreg      void 
 Registers used:
		wreg, status,2, status,0, cstack
 Tracked objects:
		On entry : 
		On exit  : 
		Unchanged: 
 Data sizes:     COMRAM   BANK0   BANK1   BANK2   BANK3   BANK4   BANK5   BANK6   BANK7
      Params:         0       0       0       0       0       0       0       0       0
      Locals:         0       0       0       0       0       0       0       0       0
      Temps:          1       0       0       0       0       0       0       0       0
      Totals:         1       0       0       0       0       0       0       0       0
Total ram usage:        1 bytes
 Hardware stack levels used:    1
 Hardware stack levels required when called:    2
 This function calls:
		_Delay
		_EscreveComandoLCD
 This function is called by:
		_main
 This function uses a non-reentrant model


 *************** function _EscreveComandoLCD *****************
 Defined at:
		line 172 in file "../../BIBLIOTECAS_FATEC/Biblioteca_FATEC/displayLCD.c"
 Parameters:    Size  Location     Type
  cmd             1    wreg     unsigned char 
 Auto vars:     Size  Location     Type
  cmd             1    2[COMRAM] unsigned char 
 Return value:  Size  Location     Type
                  1    wreg      void 
 Registers used:
		wreg, status,2, status,0, cstack
 Tracked objects:
		On entry : 
		On exit  : 
		Unchanged: 
 Data sizes:     COMRAM   BANK0   BANK1   BANK2   BANK3   BANK4   BANK5   BANK6   BANK7
      Params:         0       0       0       0       0       0       0       0       0
      Locals:         1       0       0       0       0       0       0       0       0
      Temps:          0       0       0       0       0       0       0       0       0
      Totals:         1       0       0       0       0       0       0       0       0
Total ram usage:        1 bytes
 Hardware stack levels used:    1
 Hardware stack levels required when called:    1
 This function calls:
		_Delay
 This function is called by:
		_main
		_ConfiguraLCD
		_CriaCaractereLCD
 This function uses a non-reentrant model


 *************** function _Delay *****************
 Defined at:
		line 54 in file "../../BIBLIOTECAS_FATEC/Biblioteca_FATEC/displayLCD.c"
 Parameters:    Size  Location     Type
		None
 Auto vars:     Size  Location     Type
  Cnt2            1    1[COMRAM] unsigned char 
  Cnt1            1    0[COMRAM] unsigned char 
 Return value:  Size  Location     Type
                  1    wreg      void 
 Registers used:
		wreg, status,2, status,0
 Tracked objects:
		On entry : 
		On exit  : 
		Unchanged: 
 Data sizes:     COMRAM   BANK0   BANK1   BANK2   BANK3   BANK4   BANK5   BANK6   BANK7
      Params:         0       0       0       0       0       0       0       0       0
      Locals:         2       0       0       0       0       0       0       0       0
      Temps:          0       0       0       0       0       0       0       0       0
      Totals:         2       0       0       0       0       0       0       0       0
Total ram usage:        2 bytes
 Hardware stack levels used:    1
 This function calls:
		Nothing
 This function is called by:
		_ConfiguraLCD
		_EscreveComandoLCD
		_EnderecoCursor
		_EscreveCaractereLCD
 This function uses a non-reentrant model



MODULE INFORMATION

Module		Function		Class		Link	Load	Size
C:\Program Files (x86)\Microchip\xc8\v1.40\sources\common\itoa.c
		_itoa          		CODE           	0D12	0000	67
		_utoa          		CODE           	09B4	0000	165

C:\Program Files (x86)\Microchip\xc8\v1.40\sources\common\itoa.c estimated size: 232

DisplayLCDCronometro.c
		_main          		CODE           	087A	0000	315
		_delay_ms      		CODE           	0E50	0000	35

DisplayLCDCronometro.c estimated size: 350

../../BIBLIOTECAS_FATEC/Biblioteca_FATEC/displayLCD.c
		_EscreveCaractereLCD		CODE           	0B82	0000	115
		_EscreveComandoLCD		CODE           	0AF6	0000	141
		_EscreveInteiroLCD		CODE           	0D96	0000	61
		_ConfiguraLCD  		CODE           	0A58	0000	159
		_Delay         		CODE           	0E2C	0000	37
		_PosicaoCursorLCD		CODE           	0C5E	0000	99
		_EnderecoCursor		CODE           	0BF4	0000	107
		_EscreveFraseRamLCD		CODE           	0E08	0000	37

../../BIBLIOTECAS_FATEC/Biblioteca_FATEC/displayLCD.c estimated size: 756

C:\Program Files (x86)\Microchip\xc8\v1.40\sources\common\lwmod.c
		___lwmod       		CODE           	0D54	0000	67

C:\Program Files (x86)\Microchip\xc8\v1.40\sources\common\lwmod.c estimated size: 67

shared
		_dpowers       		SMALLCONST     	0000	0000	0
		__initialization		CODE           	0DD2	0000	45
		main@F3880     		SMALLCONST     	084B	0000	18
		main@F3882     		SMALLCONST     	085C	0000	18
		main@F3876     		SMALLCONST     	0829	0000	18
		main@F3878     		SMALLCONST     	083A	0000	18

shared estimated size: 117

C:\Program Files (x86)\Microchip\xc8\v1.40\sources\common\lwdiv.c
		___lwdiv       		CODE           	0CC0	0000	83

C:\Program Files (x86)\Microchip\xc8\v1.40\sources\common\lwdiv.c estimated size: 83

