Microchip MPLAB XC8 Compiler V1.40 ()

Linker command line:

-W-3 --edf=C:\Program Files (x86)\Microchip\xc8\v1.40\dat\en_msgs.txt -cs \
  -h+dist/default/production\Exerc_cio_2.X.production.sym \
  --cmf=dist/default/production\Exerc_cio_2.X.production.cmf -z -Q18F4550 \
  -oC:\Users\ti82\AppData\Local\Temp\sbp8.2 \
  -Mdist/default/production/Exerc_cio_2.X.production.map -E1 -ver=XC8 \
  -ASTACK=060h-07ffh -pstack=STACK -ACODE=00h-07FFFh -ACONST=00h-07FFFh \
  -ASMALLCONST=0800h-08FFhx120 -AMEDIUMCONST=0800h-07FFFh -ACOMRAM=01h-05Fh \
  -AABS1=00h-07FFh -ABIGRAM=01h-07FFh -ARAM=060h-0FFh,0100h-01FFhx7 \
  -ABANK0=060h-0FFh -ABANK1=0100h-01FFh -ABANK2=0200h-02FFh \
  -ABANK3=0300h-03FFh -ABANK4=0400h-04FFh -ABANK5=0500h-05FFh \
  -ABANK6=0600h-06FFh -ABANK7=0700h-07FFh -ASFR=0F60h-0FFFh \
  -preset_vec=00h,intcode,intcodelo,powerup,init -pramtop=0800h \
  -psmallconst=SMALLCONST -pmediumconst=MEDIUMCONST -pconst=CONST \
  -AFARRAM=00h-00h -ACONFIG=0300000h-030000Dh -pconfig=CONFIG \
  -AIDLOC=0200000h-0200007h -pidloc=IDLOC -AEEDATA=0F00000h-0F000FFh \
  -peeprom_data=EEDATA \
  -prdata=COMRAM,nvrram=COMRAM,nvbit=COMRAM,rbss=COMRAM,rbit=COMRAM \
  -pfarbss=FARRAM,fardata=FARRAM,nvFARRAM=FARRAM \
  -pintsave_regs=BIGRAM,bigbss=BIGRAM,bigdata=BIGRAM -pbss=RAM \
  -pidata=CODE,irdata=CODE,ibigdata=CODE,ifardata=CODE -prparam=COMRAM \
  C:\Users\ti82\AppData\Local\Temp\sbp8.obj \
  dist/default/production\Exerc_cio_2.X.production.obj 

Object code version is 3.11

Machine type is 18F4550

Call graph: (short form)




                Name                               Link     Load   Length Selector   Space Scale
C:\Users\ti82\AppData\Local\Temp\sbp8.obj
                init                                  0        0        4        0       0
                idloc                            200000   200000        8   200000       0
                config                           300000   300000        E   300000       0
dist/default/production\Exerc_cio_2.X.production.obj
                smallconst                          800      800       54      400       0
                text8                               B8E      B8E       24      42A       0
                text7                               8F2      8F2       8C      42A       0
                text6                               854      854       9E      42A       0
                text5                               9F6      9F6       72      42A       0
                text4                               B6A      B6A       24      42A       0
                text3                               A68      A68       6A      42A       0
                text2                               AD2      AD2       62      42A       0
                text1                               BB2      BB2       22      42A       0
                text0                               97E      97E       78      42A       0
                cstackCOMRAM                          1        1       24        1       1
                dataCOMRAM                           36       36        7        1       1
                bssCOMRAM                            25       25       11        1       1
                cinit                               B34      B34       36      42A       0
                idataCOMRAM                         BD4      BD4        7      42A       0

TOTAL           Name                               Link     Load   Length     Space
        CLASS   STACK          

        CLASS   CODE           
                init                                  0        0        4         0
                text8                               B8E      B8E       24         0
                text7                               8F2      8F2       8C         0
                text6                               854      854       9E         0
                text5                               9F6      9F6       72         0
                text4                               B6A      B6A       24         0
                text3                               A68      A68       6A         0
                text2                               AD2      AD2       62         0
                text1                               BB2      BB2       22         0
                text0                               97E      97E       78         0
                cinit                               B34      B34       36         0
                idataCOMRAM                         BD4      BD4        7         0

        CLASS   CONST          

        CLASS   SMALLCONST     
                smallconst                          800      800       54         0

        CLASS   MEDIUMCONST    

        CLASS   COMRAM         
                cstackCOMRAM                          1        1       24         1
                dataCOMRAM                           36       36        7         1
                bssCOMRAM                            25       25       11         1

        CLASS   ABS1           

        CLASS   BIGRAM         

        CLASS   RAM            

        CLASS   BANK0          

        CLASS   BANK1          

        CLASS   BANK2          

        CLASS   BANK3          

        CLASS   BANK4          

        CLASS   BANK5          

        CLASS   BANK6          

        CLASS   BANK7          

        CLASS   SFR            

        CLASS   FARRAM         

        CLASS   CONFIG         
                config                           300000   300000        E         0

        CLASS   IDLOC          
                idloc                            200000   200000        8         0

        CLASS   EEDATA         



SEGMENTS        Name                           Load    Length   Top    Selector   Space  Class

                reset_vec                      000000  000004  000004         0       0  CODE    
                cstackCOMRAM                   000001  00003C  00003D         1       1  COMRAM  
                smallconst                     000800  000054  000854       400       0  SMALLCON
                text6                          000854  000387  000BDB       42A       0  CODE    
                idloc                          200000  000008  200008    200000       0  IDLOC   
                config                         300000  00000E  30000E    300000       0  CONFIG  


UNUSED ADDRESS RANGES

        Name                Unused          Largest block    Delta
        BANK0            000060-0000FF               A0
        BANK1            000100-0001FF              100
        BANK2            000200-0002FF              100
        BANK3            000300-0003FF              100
        BANK4            000400-0004FF              100
        BANK5            000500-0005FF              100
        BANK6            000600-0006FF              100
        BANK7            000700-0007FF              100
        BIGRAM           00003D-0007FF              7C3
        CODE             000004-0007FF              7FC
                         000BDB-007FFF             7425
        COMRAM           00003D-00005F               23
        CONST            000004-0007FF              7FC
                         000BDB-007FFF             7425
        EEDATA           F00000-F000FF              100
        MEDIUMCONST      000BDB-007FFF             7425
        RAM              000060-0007FF              100
        SFR              000F60-000FFF               A0
        SMALLCONST       000BDB-007FFF              100
        STACK            000060-0007FF              7A0

                                  Symbol Table

Delay@Cnt1                    cstackCOMRAM 000001
Delay@Cnt2                    cstackCOMRAM 000002
EnderecoCursor@endereco       cstackCOMRAM 000003
EscreveCaractereLCD@data      cstackCOMRAM 000003
EscreveComandoLCD@cmd         cstackCOMRAM 000003
EscreveFraseRamLCD@buffer     cstackCOMRAM 000004
EscreveInteiroLCD@F4004       dataCOMRAM   000036
PosicaoCursorLCD@EnderecoLCD  cstackCOMRAM 000006
PosicaoCursorLCD@coluna       cstackCOMRAM 000004
PosicaoCursorLCD@linha        cstackCOMRAM 000005
_ADCON1                       (abs)        000FC1
_ConfiguraLCD                 text6        000854
_Delay                        text8        000B8E
_EnderecoCursor               text3        000A68
_EscreveCaractereLCD          text5        0009F6
_EscreveComandoLCD            text7        0008F2
_EscreveFraseRamLCD           text4        000B6A
_PORTB                        (abs)        000F81
_PORTDbits                    (abs)        000F83
_PORTEbits                    (abs)        000F84
_PosicaoCursorLCD             text2        000AD2
_TRISB                        (abs)        000F93
_TRISDbits                    (abs)        000F95
_TRISE                        (abs)        000F96
__HRAM                        (abs)        000000
__Habs1                       abs1         000000
__Hbank0                      bank0        000000
__Hbank1                      bank1        000000
__Hbank2                      bank2        000000
__Hbank3                      bank3        000000
__Hbank4                      bank4        000000
__Hbank5                      bank5        000000
__Hbank6                      bank6        000000
__Hbank7                      bank7        000000
__Hbigbss                     bigbss       000000
__Hbigdata                    bigdata      000000
__Hbigram                     bigram       000000
__Hbss                        bss          000000
__HbssCOMRAM                  bssCOMRAM    000000
__Hcinit                      cinit        000000
__Hclrtext                    clrtext      000000
__Hcomram                     comram       000000
__Hconfig                     config       30000E
__Hconst                      const        000000
__HcstackCOMRAM               cstackCOMRAM 000000
__Hdata                       data         000000
__HdataCOMRAM                 dataCOMRAM   000000
__Heeprom_data                eeprom_data  000000
__Hfarbss                     farbss       000000
__Hfardata                    fardata      000000
__Hibigdata                   ibigdata     000000
__Hidata                      idata        000000
__HidataCOMRAM                idataCOMRAM  000000
__Hidloc                      idloc        200008
__Hifardata                   ifardata     000000
__Hinit                       init         000004
__Hintcode                    intcode      000000
__Hintcode_body               intcode_body 000000
__Hintcodelo                  intcodelo    000000
__Hintentry                   intentry     000000
__Hintret                     intret       000000
__Hintsave_regs               intsave_regs 000000
__Hirdata                     irdata       000000
__Hmediumconst                mediumconst  000000
__HnvFARRAM                   nvFARRAM     000000
__Hnvbit                      nvbit        000000
__Hnvrram                     nvrram       000000
__Hparam                      rparam       000000
__Hpowerup                    powerup      000000
__Hram                        ram          000000
__Hramtop                     ramtop       000800
__Hrbit                       rbit         000000
__Hrbss                       rbss         000000
__Hrdata                      rdata        000000
__Hreset_vec                  reset_vec    000000
__Hrparam                     rparam       000000
__Hsfr                        sfr          000000
__Hsmallconst                 smallconst   000854
__Hspace_0                    (abs)        30000E
__Hspace_1                    (abs)        00003D
__Hspace_2                    (abs)        000000
__Hstack                      stack        000000
__Hstruct                     struct       000000
__Htemp                       temp         000000
__Htext                       text         000000
__Htext0                      text0        000000
__Htext1                      text1        000000
__Htext2                      text2        000000
__Htext3                      text3        000000
__Htext4                      text4        000000
__Htext5                      text5        000000
__Htext6                      text6        000000
__Htext7                      text7        000000
__Htext8                      text8        000000
__LRAM                        (abs)        000001
__Labs1                       abs1         000000
__Lbank0                      bank0        000000
__Lbank1                      bank1        000000
__Lbank2                      bank2        000000
__Lbank3                      bank3        000000
__Lbank4                      bank4        000000
__Lbank5                      bank5        000000
__Lbank6                      bank6        000000
__Lbank7                      bank7        000000
__Lbigbss                     bigbss       000000
__Lbigdata                    bigdata      000000
__Lbigram                     bigram       000000
__Lbss                        bss          000000
__LbssCOMRAM                  bssCOMRAM    000000
__Lcinit                      cinit        000000
__Lclrtext                    clrtext      000000
__Lcomram                     comram       000000
__Lconfig                     config       300000
__Lconst                      const        000000
__LcstackCOMRAM               cstackCOMRAM 000000
__Ldata                       data         000000
__LdataCOMRAM                 dataCOMRAM   000000
__Leeprom_data                eeprom_data  000000
__Lfarbss                     farbss       000000
__Lfardata                    fardata      000000
__Libigdata                   ibigdata     000000
__Lidata                      idata        000000
__LidataCOMRAM                idataCOMRAM  000000
__Lidloc                      idloc        200000
__Lifardata                   ifardata     000000
__Linit                       init         000000
__Lintcode                    intcode      000000
__Lintcode_body               intcode_body 000000
__Lintcodelo                  intcodelo    000000
__Lintentry                   intentry     000000
__Lintret                     intret       000000
__Lintsave_regs               intsave_regs 000000
__Lirdata                     irdata       000000
__Lmediumconst                mediumconst  000000
__LnvFARRAM                   nvFARRAM     000000
__Lnvbit                      nvbit        000000
__Lnvrram                     nvrram       000000
__Lparam                      rparam       000000
__Lpowerup                    powerup      000000
__Lram                        ram          000000
__Lramtop                     ramtop       000800
__Lrbit                       rbit         000000
__Lrbss                       rbss         000000
__Lrdata                      rdata        000000
__Lreset_vec                  reset_vec    000000
__Lrparam                     rparam       000000
__Lsfr                        sfr          000000
__Lsmallconst                 smallconst   000800
__Lspace_0                    (abs)        000000
__Lspace_1                    (abs)        000000
__Lspace_2                    (abs)        000000
__Lstack                      stack        000000
__Lstruct                     struct       000000
__Ltemp                       temp         000000
__Ltext                       text         000000
__Ltext0                      text0        000000
__Ltext1                      text1        000000
__Ltext2                      text2        000000
__Ltext3                      text3        000000
__Ltext4                      text4        000000
__Ltext5                      text5        000000
__Ltext6                      text6        000000
__Ltext7                      text7        000000
__Ltext8                      text8        000000
__S0                          (abs)        30000E
__S1                          (abs)        00003D
__S2                          (abs)        000000
___inthi_sp                   stack        000000
___intlo_sp                   stack        000000
___param_bank                 (abs)        000000
___rparam_used                (abs)        000001
___sp                         stack        000000
__accesstop                   (abs)        000060
__activetblptr                (abs)        000002
__end_of_ConfiguraLCD         text6        0008F2
__end_of_Delay                text8        000BB2
__end_of_EnderecoCursor       text3        000AD2
__end_of_EscreveCaractereLCD  text5        000A68
__end_of_EscreveComandoLCD    text7        00097E
__end_of_EscreveFraseRamLCD   text4        000B8E
__end_of_PosicaoCursorLCD     text2        000B34
__end_of__initialization      cinit        000B60
__end_of_delay_ms             text1        000BD4
__end_of_dpowers              smallconst   000829
__end_of_main                 text0        0009F6
__end_ofmain@F3878            smallconst   000838
__end_ofmain@F3880            smallconst   000847
__initialization              cinit        000B34
__mediumconst                 mediumconst  000000
__pbssCOMRAM                  bssCOMRAM    000025
__pcinit                      cinit        000B34
__pcstackCOMRAM               cstackCOMRAM 000001
__pdataCOMRAM                 dataCOMRAM   000036
__pidataCOMRAM                idataCOMRAM  000BD4
__psmallconst                 smallconst   000800
__ptext0                      text0        00097E
__ptext1                      text1        000BB2
__ptext2                      text2        000AD2
__ptext3                      text3        000A68
__ptext4                      text4        000B6A
__ptext5                      text5        0009F6
__ptext6                      text6        000854
__ptext7                      text7        0008F2
__ptext8                      text8        000B8E
__ramtop                      ramtop       000800
__size_of_ConfiguraLCD        (abs)        000000
__size_of_Delay               (abs)        000000
__size_of_EnderecoCursor      (abs)        000000
__size_of_EscreveCaractereLCD (abs)        000000
__size_of_EscreveComandoLCD   (abs)        000000
__size_of_EscreveFraseRamLCD  (abs)        000000
__size_of_PosicaoCursorLCD    (abs)        000000
__size_of_delay_ms            (abs)        000000
__size_of_main                (abs)        000000
__smallconst                  smallconst   000800
_delay_ms                     text1        000BB2
_main                         text0        00097E
delay_ms@tempodeAtraso        cstackCOMRAM 000001
end_of_initialization         cinit        000B60
ftoa@buf                      bssCOMRAM    000025
intlevel0                     text         000000
intlevel1                     text         000000
intlevel2                     text         000000
intlevel3                     text         000000
main@F3878                    smallconst   000829
main@F3880                    smallconst   000838
main@Texto_0                  cstackCOMRAM 000007
main@Texto_1                  cstackCOMRAM 000016
stackhi                       (abs)        0007FF
stacklo                       (abs)        000060
start                         init         000000
start_initialization          cinit        000B34


FUNCTION INFORMATION:

 *************** function _main *****************
 Defined at:
		line 60 in file "ExerciciosDisplayLCD.c"
 Parameters:    Size  Location     Type
		None
 Auto vars:     Size  Location     Type
  Texto_1        15   21[COMRAM] const unsigned char [15]
  Texto_0        15    6[COMRAM] const unsigned char [15]
 Return value:  Size  Location     Type
                  1    wreg      void 
 Registers used:
		wreg, fsr2l, fsr2h, status,2, status,0, tblptrl, tblptrh, tblptru, cstack
 Tracked objects:
		On entry : 
		On exit  : 
		Unchanged: 
 Data sizes:     COMRAM   BANK0   BANK1   BANK2   BANK3   BANK4   BANK5   BANK6   BANK7
      Params:         0       0       0       0       0       0       0       0       0
      Locals:        30       0       0       0       0       0       0       0       0
      Temps:          0       0       0       0       0       0       0       0       0
      Totals:        30       0       0       0       0       0       0       0       0
Total ram usage:       30 bytes
 Hardware stack levels required when called:    3
 This function calls:
		_ConfiguraLCD
		_EscreveFraseRamLCD
		_PosicaoCursorLCD
		_delay_ms
 This function is called by:
		Startup code after reset
 This function uses a non-reentrant model


 *************** function _delay_ms *****************
 Defined at:
		line 109 in file "ExerciciosDisplayLCD.c"
 Parameters:    Size  Location     Type
  tempodeAtras    2    0[COMRAM] unsigned int 
 Auto vars:     Size  Location     Type
		None
 Return value:  Size  Location     Type
                  1    wreg      void 
 Registers used:
		wreg, status,2, status,0
 Tracked objects:
		On entry : 
		On exit  : 
		Unchanged: 
 Data sizes:     COMRAM   BANK0   BANK1   BANK2   BANK3   BANK4   BANK5   BANK6   BANK7
      Params:         2       0       0       0       0       0       0       0       0
      Locals:         0       0       0       0       0       0       0       0       0
      Temps:          1       0       0       0       0       0       0       0       0
      Totals:         3       0       0       0       0       0       0       0       0
Total ram usage:        3 bytes
 Hardware stack levels used:    1
 This function calls:
		Nothing
 This function is called by:
		_main
		_testa_botao
 This function uses a non-reentrant model


 *************** function _PosicaoCursorLCD *****************
 Defined at:
		line 280 in file "../../BIBLIOTECAS_FATEC/Biblioteca_FATEC/displayLCD.c"
 Parameters:    Size  Location     Type
  linha           1    wreg     unsigned char 
  coluna          1    3[COMRAM] unsigned char 
 Auto vars:     Size  Location     Type
  linha           1    4[COMRAM] unsigned char 
  EnderecoLCD     1    5[COMRAM] unsigned char 
 Return value:  Size  Location     Type
                  1    wreg      void 
 Registers used:
		wreg, status,2, status,0, cstack
 Tracked objects:
		On entry : 
		On exit  : 
		Unchanged: 
 Data sizes:     COMRAM   BANK0   BANK1   BANK2   BANK3   BANK4   BANK5   BANK6   BANK7
      Params:         1       0       0       0       0       0       0       0       0
      Locals:         2       0       0       0       0       0       0       0       0
      Temps:          0       0       0       0       0       0       0       0       0
      Totals:         3       0       0       0       0       0       0       0       0
Total ram usage:        3 bytes
 Hardware stack levels used:    1
 Hardware stack levels required when called:    2
 This function calls:
		_EnderecoCursor
 This function is called by:
		_main
 This function uses a non-reentrant model


 *************** function _EnderecoCursor *****************
 Defined at:
		line 229 in file "../../BIBLIOTECAS_FATEC/Biblioteca_FATEC/displayLCD.c"
 Parameters:    Size  Location     Type
  endereco        1    wreg     unsigned char 
 Auto vars:     Size  Location     Type
  endereco        1    2[COMRAM] unsigned char 
 Return value:  Size  Location     Type
                  1    wreg      void 
 Registers used:
		wreg, status,2, status,0, cstack
 Tracked objects:
		On entry : 
		On exit  : 
		Unchanged: 
 Data sizes:     COMRAM   BANK0   BANK1   BANK2   BANK3   BANK4   BANK5   BANK6   BANK7
      Params:         0       0       0       0       0       0       0       0       0
      Locals:         1       0       0       0       0       0       0       0       0
      Temps:          0       0       0       0       0       0       0       0       0
      Totals:         1       0       0       0       0       0       0       0       0
Total ram usage:        1 bytes
 Hardware stack levels used:    1
 Hardware stack levels required when called:    1
 This function calls:
		_Delay
 This function is called by:
		_PosicaoCursorLCD
		_CriaCaractereLCD
 This function uses a non-reentrant model


 *************** function _EscreveFraseRamLCD *****************
 Defined at:
		line 438 in file "../../BIBLIOTECAS_FATEC/Biblioteca_FATEC/displayLCD.c"
 Parameters:    Size  Location     Type
  buffer          2    3[COMRAM] PTR unsigned char 
		 -> main@Texto_1(15), main@Texto_0(15), EscreveInteiroLCD@texto(7), 
 Auto vars:     Size  Location     Type
		None
 Return value:  Size  Location     Type
                  1    wreg      void 
 Registers used:
		wreg, fsr2l, fsr2h, status,2, status,0, cstack
 Tracked objects:
		On entry : 
		On exit  : 
		Unchanged: 
 Data sizes:     COMRAM   BANK0   BANK1   BANK2   BANK3   BANK4   BANK5   BANK6   BANK7
      Params:         2       0       0       0       0       0       0       0       0
      Locals:         0       0       0       0       0       0       0       0       0
      Temps:          0       0       0       0       0       0       0       0       0
      Totals:         2       0       0       0       0       0       0       0       0
Total ram usage:        2 bytes
 Hardware stack levels used:    1
 Hardware stack levels required when called:    2
 This function calls:
		_EscreveCaractereLCD
 This function is called by:
		_main
		_EscreveInteiroLCD
 This function uses a non-reentrant model


 *************** function _EscreveCaractereLCD *****************
 Defined at:
		line 339 in file "../../BIBLIOTECAS_FATEC/Biblioteca_FATEC/displayLCD.c"
 Parameters:    Size  Location     Type
  data            1    wreg     unsigned char 
 Auto vars:     Size  Location     Type
  data            1    2[COMRAM] unsigned char 
 Return value:  Size  Location     Type
                  1    wreg      void 
 Registers used:
		wreg, status,2, status,0, cstack
 Tracked objects:
		On entry : 
		On exit  : 
		Unchanged: 
 Data sizes:     COMRAM   BANK0   BANK1   BANK2   BANK3   BANK4   BANK5   BANK6   BANK7
      Params:         0       0       0       0       0       0       0       0       0
      Locals:         1       0       0       0       0       0       0       0       0
      Temps:          0       0       0       0       0       0       0       0       0
      Totals:         1       0       0       0       0       0       0       0       0
Total ram usage:        1 bytes
 Hardware stack levels used:    1
 Hardware stack levels required when called:    1
 This function calls:
		_Delay
 This function is called by:
		_EscreveFraseRamLCD
		_EscreveFloatLCD
		_EscreveFraseLCD
		_CriaCaractereLCD
 This function uses a non-reentrant model


 *************** function _ConfiguraLCD *****************
 Defined at:
		line 80 in file "../../BIBLIOTECAS_FATEC/Biblioteca_FATEC/displayLCD.c"
 Parameters:    Size  Location     Type
		None
 Auto vars:     Size  Location     Type
		None
 Return value:  Size  Location     Type
                  1    wreg      void 
 Registers used:
		wreg, status,2, status,0, cstack
 Tracked objects:
		On entry : 
		On exit  : 
		Unchanged: 
 Data sizes:     COMRAM   BANK0   BANK1   BANK2   BANK3   BANK4   BANK5   BANK6   BANK7
      Params:         0       0       0       0       0       0       0       0       0
      Locals:         0       0       0       0       0       0       0       0       0
      Temps:          1       0       0       0       0       0       0       0       0
      Totals:         1       0       0       0       0       0       0       0       0
Total ram usage:        1 bytes
 Hardware stack levels used:    1
 Hardware stack levels required when called:    2
 This function calls:
		_Delay
		_EscreveComandoLCD
 This function is called by:
		_main
 This function uses a non-reentrant model


 *************** function _EscreveComandoLCD *****************
 Defined at:
		line 172 in file "../../BIBLIOTECAS_FATEC/Biblioteca_FATEC/displayLCD.c"
 Parameters:    Size  Location     Type
  cmd             1    wreg     unsigned char 
 Auto vars:     Size  Location     Type
  cmd             1    2[COMRAM] unsigned char 
 Return value:  Size  Location     Type
                  1    wreg      void 
 Registers used:
		wreg, status,2, status,0, cstack
 Tracked objects:
		On entry : 
		On exit  : 
		Unchanged: 
 Data sizes:     COMRAM   BANK0   BANK1   BANK2   BANK3   BANK4   BANK5   BANK6   BANK7
      Params:         0       0       0       0       0       0       0       0       0
      Locals:         1       0       0       0       0       0       0       0       0
      Temps:          0       0       0       0       0       0       0       0       0
      Totals:         1       0       0       0       0       0       0       0       0
Total ram usage:        1 bytes
 Hardware stack levels used:    1
 Hardware stack levels required when called:    1
 This function calls:
		_Delay
 This function is called by:
		_ConfiguraLCD
		_CriaCaractereLCD
 This function uses a non-reentrant model


 *************** function _Delay *****************
 Defined at:
		line 54 in file "../../BIBLIOTECAS_FATEC/Biblioteca_FATEC/displayLCD.c"
 Parameters:    Size  Location     Type
		None
 Auto vars:     Size  Location     Type
  Cnt2            1    1[COMRAM] unsigned char 
  Cnt1            1    0[COMRAM] unsigned char 
 Return value:  Size  Location     Type
                  1    wreg      void 
 Registers used:
		wreg, status,2, status,0
 Tracked objects:
		On entry : 
		On exit  : 
		Unchanged: 
 Data sizes:     COMRAM   BANK0   BANK1   BANK2   BANK3   BANK4   BANK5   BANK6   BANK7
      Params:         0       0       0       0       0       0       0       0       0
      Locals:         2       0       0       0       0       0       0       0       0
      Temps:          0       0       0       0       0       0       0       0       0
      Totals:         2       0       0       0       0       0       0       0       0
Total ram usage:        2 bytes
 Hardware stack levels used:    1
 This function calls:
		Nothing
 This function is called by:
		_ConfiguraLCD
		_EscreveComandoLCD
		_EnderecoCursor
		_EscreveCaractereLCD
 This function uses a non-reentrant model



MODULE INFORMATION

Module		Function		Class		Link	Load	Size
../../BIBLIOTECAS_FATEC/Biblioteca_FATEC/displayLCD.c
		_EscreveCaractereLCD		CODE           	09F6	0000	115
		_EscreveComandoLCD		CODE           	08F2	0000	141
		_ConfiguraLCD  		CODE           	0854	0000	159
		_Delay         		CODE           	0B8E	0000	37
		_PosicaoCursorLCD		CODE           	0AD2	0000	99
		_EnderecoCursor		CODE           	0A68	0000	107
		_EscreveFraseRamLCD		CODE           	0B6A	0000	37

../../BIBLIOTECAS_FATEC/Biblioteca_FATEC/displayLCD.c estimated size: 695

ExerciciosDisplayLCD.c
		_main          		CODE           	097E	0000	121
		_delay_ms      		CODE           	0BB2	0000	35

ExerciciosDisplayLCD.c estimated size: 156

shared
		_dpowers       		SMALLCONST     	0000	0000	0
		__initialization		CODE           	0B34	0000	45
		main@F3880     		SMALLCONST     	0838	0000	16
		main@F3878     		SMALLCONST     	0829	0000	16

shared estimated size: 77

